Last update: Mon Oct 27 16:25:25 UTC 2025
Last update: Mon Oct 27 16:25:41 UTC 2025
Last update: Tue Oct 28 08:51:15 UTC 2025
Last update: Wed Oct 29 08:52:02 UTC 2025
Last update: Thu Oct 30 08:49:22 UTC 2025
Last update: Fri Oct 31 08:47:44 UTC 2025
Last update: Sat Nov  1 08:41:10 UTC 2025
Last update: Sun Nov  2 08:38:10 UTC 2025
Last update: Mon Nov  3 08:52:29 UTC 2025
Last update: Tue Nov  4 08:25:07 UTC 2025
Last update: Wed Nov  5 08:25:08 UTC 2025
Last update: Thu Nov  6 08:24:52 UTC 2025
Last update: Fri Nov  7 08:24:37 UTC 2025
Last update: Sat Nov  8 08:20:59 UTC 2025
Last update: Sun Nov  9 08:19:58 UTC 2025
Last update: Mon Nov 10 08:26:06 UTC 2025
Last update: Tue Nov 11 08:24:19 UTC 2025
Last update: Wed Nov 12 08:25:16 UTC 2025
Last update: Thu Nov 13 08:24:26 UTC 2025
Last update: Fri Nov 14 08:24:15 UTC 2025
Last update: Sat Nov 15 08:21:06 UTC 2025
Last update: Sun Nov 16 08:21:39 UTC 2025
Last update: Mon Nov 17 08:27:06 UTC 2025
Last update: Tue Nov 18 08:25:09 UTC 2025
Last update: Wed Nov 19 08:25:06 UTC 2025
Last update: Thu Nov 20 08:25:23 UTC 2025
Last update: Fri Nov 21 08:25:57 UTC 2025
Last update: Sat Nov 22 08:21:50 UTC 2025
Last update: Sun Nov 23 08:22:09 UTC 2025
Last update: Mon Nov 24 08:26:56 UTC 2025
Last update: Tue Nov 25 08:26:17 UTC 2025
Last update: Wed Nov 26 08:25:38 UTC 2025
Last update: Thu Nov 27 08:26:16 UTC 2025
Last update: Fri Nov 28 08:25:57 UTC 2025
Last update: Sat Nov 29 08:23:06 UTC 2025
Last update: Sun Nov 30 08:22:04 UTC 2025
Last update: Mon Dec  1 08:29:29 UTC 2025
Last update: Tue Dec  2 08:27:22 UTC 2025
Last update: Wed Dec  3 08:26:38 UTC 2025
Last update: Thu Dec  4 08:26:51 UTC 2025
Last update: Fri Dec  5 08:25:34 UTC 2025
Last update: Sat Dec  6 08:22:41 UTC 2025
Last update: Sun Dec  7 08:22:09 UTC 2025
Last update: Mon Dec  8 08:28:59 UTC 2025
Last update: Tue Dec  9 08:27:44 UTC 2025
Last update: Wed Dec 10 08:27:06 UTC 2025
Last update: Thu Dec 11 08:27:41 UTC 2025
Last update: Fri Dec 12 08:27:51 UTC 2025
Last update: Sat Dec 13 08:23:00 UTC 2025
Last update: Sun Dec 14 08:23:31 UTC 2025
Last update: Mon Dec 15 08:29:58 UTC 2025
Last update: Tue Dec 16 08:28:12 UTC 2025
Last update: Wed Dec 17 08:28:03 UTC 2025
Last update: Thu Dec 18 08:27:30 UTC 2025
Last update: Fri Dec 19 08:27:11 UTC 2025
Last update: Sat Dec 20 08:23:00 UTC 2025
Last update: Sun Dec 21 08:23:40 UTC 2025
Last update: Mon Dec 22 08:28:26 UTC 2025
Last update: Tue Dec 23 08:27:36 UTC 2025
Last update: Wed Dec 24 08:27:32 UTC 2025
Last update: Thu Dec 25 08:26:33 UTC 2025
Last update: Fri Dec 26 08:26:16 UTC 2025
Last update: Sat Dec 27 08:24:10 UTC 2025
Last update: Sun Dec 28 08:24:28 UTC 2025
Last update: Mon Dec 29 08:29:17 UTC 2025
Last update: Tue Dec 30 08:27:20 UTC 2025
Last update: Wed Dec 31 08:27:19 UTC 2025
Last update: Thu Jan  1 08:27:27 UTC 2026
Last update: Fri Jan  2 08:27:05 UTC 2026
Last update: Sat Jan  3 08:25:04 UTC 2026
Last update: Sun Jan  4 08:25:42 UTC 2026
Last update: Mon Jan  5 08:30:28 UTC 2026
Last update: Tue Jan  6 08:28:33 UTC 2026
Last update: Wed Jan  7 08:28:30 UTC 2026
Last update: Thu Jan  8 08:28:33 UTC 2026
Last update: Fri Jan  9 08:28:03 UTC 2026
Last update: Sat Jan 10 08:24:19 UTC 2026
Last update: Sun Jan 11 08:24:41 UTC 2026
Last update: Mon Jan 12 08:30:25 UTC 2026
Last update: Tue Jan 13 08:28:44 UTC 2026
Last update: Wed Jan 14 08:28:31 UTC 2026
Last update: Thu Jan 15 08:29:08 UTC 2026
Last update: Fri Jan 16 08:28:20 UTC 2026
Last update: Sat Jan 17 08:24:01 UTC 2026
Last update: Sun Jan 18 08:24:40 UTC 2026
Last update: Mon Jan 19 08:30:57 UTC 2026
Last update: Tue Jan 20 08:29:51 UTC 2026
Last update: Wed Jan 21 08:30:00 UTC 2026
Last update: Thu Jan 22 08:30:05 UTC 2026
Last update: Fri Jan 23 08:28:13 UTC 2026
Last update: Sat Jan 24 08:25:17 UTC 2026
Last update: Sun Jan 25 08:25:43 UTC 2026
Last update: Mon Jan 26 08:30:34 UTC 2026
Last update: Tue Jan 27 08:31:12 UTC 2026
Last update: Wed Jan 28 08:29:51 UTC 2026
Last update: Thu Jan 29 08:37:08 UTC 2026
Last update: Fri Jan 30 08:35:53 UTC 2026
Last update: Sat Jan 31 08:28:14 UTC 2026
Last update: Sun Feb  1 08:30:04 UTC 2026
Last update: Mon Feb  2 08:40:42 UTC 2026
Last update: Tue Feb  3 08:34:21 UTC 2026
Last update: Wed Feb  4 08:38:44 UTC 2026
Last update: Thu Feb  5 08:41:16 UTC 2026
Last update: Fri Feb  6 08:38:58 UTC 2026
Last update: Sat Feb  7 08:29:28 UTC 2026
Last update: Sun Feb  8 08:31:16 UTC 2026
Last update: Mon Feb  9 08:52:08 UTC 2026
Last update: Tue Feb 10 08:53:54 UTC 2026
Last update: Wed Feb 11 08:46:37 UTC 2026
Last update: Thu Feb 12 08:43:23 UTC 2026
Last update: Fri Feb 13 08:40:07 UTC 2026
Last update: Sat Feb 14 08:30:17 UTC 2026
Last update: Sun Feb 15 08:31:21 UTC 2026
Last update: Mon Feb 16 08:43:53 UTC 2026
Last update: Tue Feb 17 08:42:41 UTC 2026
Last update: Wed Feb 18 08:42:01 UTC 2026
Last update: Thu Feb 19 08:41:06 UTC 2026
Last update: Fri Feb 20 08:38:06 UTC 2026
Last update: Sat Feb 21 08:29:06 UTC 2026
Last update: Sun Feb 22 08:30:04 UTC 2026
Last update: Mon Feb 23 08:48:30 UTC 2026
Last update: Tue Feb 24 08:44:11 UTC 2026
Last update: Wed Feb 25 08:46:11 UTC 2026
Last update: Thu Feb 26 08:44:16 UTC 2026
Last update: Fri Feb 27 08:38:25 UTC 2026
Last update: Sat Feb 28 08:27:23 UTC 2026
Last update: Sun Mar  1 08:29:09 UTC 2026
Last update: Mon Mar  2 08:41:44 UTC 2026
Last update: Tue Mar  3 08:38:14 UTC 2026
Last update: Wed Mar  4 08:36:52 UTC 2026
Last update: Thu Mar  5 08:38:53 UTC 2026
Last update: Fri Mar  6 08:35:48 UTC 2026
Last update: Sat Mar  7 08:29:07 UTC 2026
Last update: Sun Mar  8 08:29:18 UTC 2026
Last update: Mon Mar  9 08:41:49 UTC 2026
Last update: Tue Mar 10 08:39:13 UTC 2026
Last update: Wed Mar 11 08:38:42 UTC 2026
Last update: Thu Mar 12 08:39:39 UTC 2026
Last update: Fri Mar 13 08:37:14 UTC 2026
Last update: Sat Mar 14 08:33:08 UTC 2026
Last update: Sun Mar 15 08:34:40 UTC 2026
Last update: Mon Mar 16 08:54:33 UTC 2026
Last update: Tue Mar 17 08:52:10 UTC 2026
Last update: Wed Mar 18 08:46:42 UTC 2026
Last update: Thu Mar 19 08:39:57 UTC 2026
Last update: Fri Mar 20 08:38:12 UTC 2026
Last update: Sat Mar 21 08:31:00 UTC 2026
Last update: Sun Mar 22 08:32:33 UTC 2026
Last update: Mon Mar 23 08:53:32 UTC 2026
Last update: Tue Mar 24 08:51:37 UTC 2026
Last update: Wed Mar 25 08:49:53 UTC 2026
Last update: Thu Mar 26 08:53:44 UTC 2026
Last update: Fri Mar 27 08:51:12 UTC 2026
Last update: Sat Mar 28 08:37:03 UTC 2026
Last update: Sun Mar 29 08:37:49 UTC 2026
Last update: Mon Mar 30 09:09:53 UTC 2026
Last update: Tue Mar 31 08:57:11 UTC 2026
Last update: Wed Apr  1 09:01:59 UTC 2026
Last update: Thu Apr  2 08:54:31 UTC 2026
Last update: Fri Apr  3 08:51:50 UTC 2026
Last update: Sat Apr  4 08:38:24 UTC 2026
Last update: Sun Apr  5 08:40:57 UTC 2026
Last update: Mon Apr  6 09:06:30 UTC 2026
Last update: Tue Apr  7 08:59:55 UTC 2026
Last update: Wed Apr  8 08:58:39 UTC 2026
Last update: Thu Apr  9 09:05:08 UTC 2026
Last update: Fri Apr 10 09:06:52 UTC 2026
Last update: Sat Apr 11 08:40:04 UTC 2026
Last update: Sun Apr 12 08:44:56 UTC 2026
Last update: Mon Apr 13 09:52:47 UTC 2026
Last update: Tue Apr 14 09:15:52 UTC 2026
Last update: Wed Apr 15 09:17:09 UTC 2026
Last update: Thu Apr 16 09:16:57 UTC 2026
Last update: Fri Apr 17 09:15:04 UTC 2026
Last update: Sat Apr 18 08:47:22 UTC 2026
Last update: Sun Apr 19 08:52:00 UTC 2026
Last update: Mon Apr 20 09:56:01 UTC 2026
Last update: Tue Apr 21 09:24:09 UTC 2026
Last update: Wed Apr 22 09:18:32 UTC 2026
Last update: Thu Apr 23 09:25:57 UTC 2026
Last update: Fri Apr 24 09:43:19 UTC 2026
Last update: Sat Apr 25 08:50:27 UTC 2026
Last update: Sun Apr 26 08:58:36 UTC 2026
Last update: Mon Apr 27 10:12:39 UTC 2026
Last update: Tue Apr 28 10:11:26 UTC 2026
Last update: Wed Apr 29 10:03:24 UTC 2026
Last update: Thu Apr 30 10:04:22 UTC 2026
Last update: Fri May  1 09:43:55 UTC 2026
Last update: Sat May  2 09:04:00 UTC 2026
Last update: Sun May  3 09:20:08 UTC 2026
Last update: Mon May  4 10:11:29 UTC 2026
Last update: Tue May  5 10:00:51 UTC 2026
Last update: Wed May  6 10:14:45 UTC 2026
Last update: Thu May  7 10:22:17 UTC 2026
Last update: Fri May  8 09:18:13 UTC 2026
Last update: Sat May  9 09:17:17 UTC 2026
Last update: Sun May 10 09:26:32 UTC 2026
Last update: Mon May 11 11:16:02 UTC 2026
Last update: Tue May 12 10:29:26 UTC 2026
Last update: Wed May 13 10:24:46 UTC 2026
Last update: Thu May 14 10:12:41 UTC 2026
Last update: Fri May 15 10:20:41 UTC 2026
Last update: Sat May 16 09:27:42 UTC 2026
Last update: Sun May 17 09:45:21 UTC 2026
Last update: Mon May 18 11:42:14 UTC 2026
Last update: Tue May 19 11:15:20 UTC 2026
Last update: Wed May 20 10:48:04 UTC 2026
